Archive member included to satisfy reference by file (symbol)

d:/stm32environment/arm/bin/../lib/gcc/arm-none-eabi/10.3.1/../../../../arm-none-eabi/lib/thumb/v7-m/nofp\libg.a(lib_a-errno.o)
                              CMakeFiles/ADIS16467_Try1.elf.dir/Core/Src/syscalls.c.obj (__errno)
d:/stm32environment/arm/bin/../lib/gcc/arm-none-eabi/10.3.1/../../../../arm-none-eabi/lib/thumb/v7-m/nofp\libg.a(lib_a-exit.o)
                              d:/stm32environment/arm/bin/../lib/gcc/arm-none-eabi/10.3.1/../../../../arm-none-eabi/lib/thumb/v7-m/nofp/crt0.o (exit)
d:/stm32environment/arm/bin/../lib/gcc/arm-none-eabi/10.3.1/../../../../arm-none-eabi/lib/thumb/v7-m/nofp\libg.a(lib_a-impure.o)
                              d:/stm32environment/arm/bin/../lib/gcc/arm-none-eabi/10.3.1/../../../../arm-none-eabi/lib/thumb/v7-m/nofp\libg.a(lib_a-exit.o) (_global_impure_ptr)
d:/stm32environment/arm/bin/../lib/gcc/arm-none-eabi/10.3.1/../../../../arm-none-eabi/lib/thumb/v7-m/nofp\libg.a(lib_a-init.o)
                              d:/stm32environment/arm/bin/../lib/gcc/arm-none-eabi/10.3.1/../../../../arm-none-eabi/lib/thumb/v7-m/nofp/crt0.o (__libc_init_array)
d:/stm32environment/arm/bin/../lib/gcc/arm-none-eabi/10.3.1/../../../../arm-none-eabi/lib/thumb/v7-m/nofp\libg.a(lib_a-memset.o)
                              d:/stm32environment/arm/bin/../lib/gcc/arm-none-eabi/10.3.1/../../../../arm-none-eabi/lib/thumb/v7-m/nofp/crt0.o (memset)
d:/stm32environment/arm/bin/../lib/gcc/arm-none-eabi/10.3.1/../../../../arm-none-eabi/lib/thumb/v7-m/nofp\libg.a(lib_a-__call_atexit.o)
                              d:/stm32environment/arm/bin/../lib/gcc/arm-none-eabi/10.3.1/../../../../arm-none-eabi/lib/thumb/v7-m/nofp\libg.a(lib_a-exit.o) (__call_exitprocs)
d:/stm32environment/arm/bin/../lib/gcc/arm-none-eabi/10.3.1/../../../../arm-none-eabi/lib/thumb/v7-m/nofp\libg.a(lib_a-atexit.o)
                              d:/stm32environment/arm/bin/../lib/gcc/arm-none-eabi/10.3.1/../../../../arm-none-eabi/lib/thumb/v7-m/nofp\libg.a(lib_a-__call_atexit.o) (atexit)
d:/stm32environment/arm/bin/../lib/gcc/arm-none-eabi/10.3.1/../../../../arm-none-eabi/lib/thumb/v7-m/nofp\libg.a(lib_a-fini.o)
                              d:/stm32environment/arm/bin/../lib/gcc/arm-none-eabi/10.3.1/../../../../arm-none-eabi/lib/thumb/v7-m/nofp\libg.a(lib_a-__call_atexit.o) (__libc_fini_array)
d:/stm32environment/arm/bin/../lib/gcc/arm-none-eabi/10.3.1/../../../../arm-none-eabi/lib/thumb/v7-m/nofp\libg.a(lib_a-lock.o)
                              d:/stm32environment/arm/bin/../lib/gcc/arm-none-eabi/10.3.1/../../../../arm-none-eabi/lib/thumb/v7-m/nofp\libg.a(lib_a-__call_atexit.o) (__retarget_lock_acquire_recursive)
d:/stm32environment/arm/bin/../lib/gcc/arm-none-eabi/10.3.1/../../../../arm-none-eabi/lib/thumb/v7-m/nofp\libg.a(lib_a-__atexit.o)
                              d:/stm32environment/arm/bin/../lib/gcc/arm-none-eabi/10.3.1/../../../../arm-none-eabi/lib/thumb/v7-m/nofp\libg.a(lib_a-atexit.o) (__register_exitproc)

Discarded input sections

 .text          0x00000000        0x0 d:/stm32environment/arm/bin/../lib/gcc/arm-none-eabi/10.3.1/thumb/v7-m/nofp/crti.o
 .data          0x00000000        0x0 d:/stm32environment/arm/bin/../lib/gcc/arm-none-eabi/10.3.1/thumb/v7-m/nofp/crti.o
 .bss           0x00000000        0x0 d:/stm32environment/arm/bin/../lib/gcc/arm-none-eabi/10.3.1/thumb/v7-m/nofp/crti.o
 .data          0x00000000        0x4 d:/stm32environment/arm/bin/../lib/gcc/arm-none-eabi/10.3.1/thumb/v7-m/nofp/crtbegin.o
 .rodata        0x00000000       0x24 d:/stm32environment/arm/bin/../lib/gcc/arm-none-eabi/10.3.1/thumb/v7-m/nofp/crtbegin.o
 .text          0x00000000       0x7c d:/stm32environment/arm/bin/../lib/gcc/arm-none-eabi/10.3.1/../../../../arm-none-eabi/lib/thumb/v7-m/nofp/crt0.o
 .data          0x00000000        0x0 d:/stm32environment/arm/bin/../lib/gcc/arm-none-eabi/10.3.1/../../../../arm-none-eabi/lib/thumb/v7-m/nofp/crt0.o
 .bss           0x00000000        0x0 d:/stm32environment/arm/bin/../lib/gcc/arm-none-eabi/10.3.1/../../../../arm-none-eabi/lib/thumb/v7-m/nofp/crt0.o
 .ARM.extab     0x00000000        0x0 d:/stm32environment/arm/bin/../lib/gcc/arm-none-eabi/10.3.1/../../../../arm-none-eabi/lib/thumb/v7-m/nofp/crt0.o
 .ARM.exidx     0x00000000       0x10 d:/stm32environment/arm/bin/../lib/gcc/arm-none-eabi/10.3.1/../../../../arm-none-eabi/lib/thumb/v7-m/nofp/crt0.o
 .ARM.attributes
                0x00000000       0x1b d:/stm32environment/arm/bin/../lib/gcc/arm-none-eabi/10.3.1/../../../../arm-none-eabi/lib/thumb/v7-m/nofp/crt0.o
 .text          0x00000000        0x0 CMakeFiles/ADIS16467_Try1.elf.dir/Core/ADIS16467/adis16467.c.obj
 .data          0x00000000        0x0 CMakeFiles/ADIS16467_Try1.elf.dir/Core/ADIS16467/adis16467.c.obj
 .bss           0x00000000        0x0 CMakeFiles/ADIS16467_Try1.elf.dir/Core/ADIS16467/adis16467.c.obj
 .debug_line    0x00000000        0x0 CMakeFiles/ADIS16467_Try1.elf.dir/Core/ADIS16467/adis16467.c.obj
[...]
Memory Configuration

Name             Origin             Length             Attributes
RAM              0x20000000         0x00005000         xrw
FLASH            0x08000000         0x00010000         xr
*default*        0x00000000         0xffffffff

Linker script and memory map

LOAD d:/stm32environment/arm/bin/../lib/gcc/arm-none-eabi/10.3.1/thumb/v7-m/nofp/crti.o
LOAD d:/stm32environment/arm/bin/../lib/gcc/arm-none-eabi/10.3.1/thumb/v7-m/nofp/crtbegin.o
LOAD d:/stm32environment/arm/bin/../lib/gcc/arm-none-eabi/10.3.1/../../../../arm-none-eabi/lib/thumb/v7-m/nofp/crt0.o
LOAD CMakeFiles/ADIS16467_Try1.elf.dir/Core/ADIS16467/adis16467.c.obj
LOAD CMakeFiles/ADIS16467_Try1.elf.dir/Core/Src/gpio.c.obj
LOAD CMakeFiles/ADIS16467_Try1.elf.dir/Core/Src/main.c.obj
LOAD CMakeFiles/ADIS16467_Try1.elf.dir/Core/Src/spi.c.obj
LOAD CMakeFiles/ADIS16467_Try1.elf.dir/Core/Src/stm32f1xx_hal_msp.c.obj
LOAD CMakeFiles/ADIS16467_Try1.elf.dir/Core/Src/stm32f1xx_it.c.obj
LOAD CMakeFiles/ADIS16467_Try1.elf.dir/Core/Src/syscalls.c.obj
LOAD CMakeFiles/ADIS16467_Try1.elf.dir/Core/Src/sysmem.c.obj
LOAD CMakeFiles/ADIS16467_Try1.elf.dir/Core/Src/system_stm32f1xx.c.obj
LOAD CMakeFiles/ADIS16467_Try1.elf.dir/Core/Startup/startup_stm32f103c8tx.s.obj
LOAD CMakeFiles/ADIS16467_Try1.elf.dir/Drivers/STM32F1xx_HAL_Driver/Src/stm32f1xx_hal.c.obj
LOAD CMakeFiles/ADIS16467_Try1.elf.dir/Drivers/STM32F1xx_HAL_Driver/Src/stm32f1xx_hal_cortex.c.obj
LOAD CMakeFiles/ADIS16467_Try1.elf.dir/Drivers/STM32F1xx_HAL_Driver/Src/stm32f1xx_hal_dma.c.obj
LOAD CMakeFiles/ADIS16467_Try1.elf.dir/Drivers/STM32F1xx_HAL_Driver/Src/stm32f1xx_hal_exti.c.obj
LOAD CMakeFiles/ADIS16467_Try1.elf.dir/Drivers/STM32F1xx_HAL_Driver/Src/stm32f1xx_hal_flash.c.obj
LOAD CMakeFiles/ADIS16467_Try1.elf.dir/Drivers/STM32F1xx_HAL_Driver/Src/stm32f1xx_hal_flash_ex.c.obj
LOAD CMakeFiles/ADIS16467_Try1.elf.dir/Drivers/STM32F1xx_HAL_Driver/Src/stm32f1xx_hal_gpio.c.obj
LOAD CMakeFiles/ADIS16467_Try1.elf.dir/Drivers/STM32F1xx_HAL_Driver/Src/stm32f1xx_hal_gpio_ex.c.obj
LOAD CMakeFiles/ADIS16467_Try1.elf.dir/Drivers/STM32F1xx_HAL_Driver/Src/stm32f1xx_hal_pwr.c.obj
LOAD CMakeFiles/ADIS16467_Try1.elf.dir/Drivers/STM32F1xx_HAL_Driver/Src/stm32f1xx_hal_rcc.c.obj
LOAD CMakeFiles/ADIS16467_Try1.elf.dir/Drivers/STM32F1xx_HAL_Driver/Src/stm32f1xx_hal_rcc_ex.c.obj
LOAD CMakeFiles/ADIS16467_Try1.elf.dir/Drivers/STM32F1xx_HAL_Driver/Src/stm32f1xx_hal_spi.c.obj
LOAD CMakeFiles/ADIS16467_Try1.elf.dir/Drivers/STM32F1xx_HAL_Driver/Src/stm32f1xx_hal_tim.c.obj
LOAD CMakeFiles/ADIS16467_Try1.elf.dir/Drivers/STM32F1xx_HAL_Driver/Src/stm32f1xx_hal_tim_ex.c.obj
START GROUP
LOAD d:/stm32environment/arm/bin/../lib/gcc/arm-none-eabi/10.3.1/thumb/v7-m/nofp\libgcc.a
LOAD d:/stm32environment/arm/bin/../lib/gcc/arm-none-eabi/10.3.1/../../../../arm-none-eabi/lib/thumb/v7-m/nofp\libg.a
LOAD d:/stm32environment/arm/bin/../lib/gcc/arm-none-eabi/10.3.1/../../../../arm-none-eabi/lib/thumb/v7-m/nofp\libc.a
END GROUP
LOAD d:/stm32environment/arm/bin/../lib/gcc/arm-none-eabi/10.3.1/thumb/v7-m/nofp/crtend.o
LOAD d:/stm32environment/arm/bin/../lib/gcc/arm-none-eabi/10.3.1/thumb/v7-m/nofp/crtn.o
                0x20005000                _estack = (ORIGIN (RAM) + LENGTH (RAM))
                0x00000200                _Min_Heap_Size = 0x200
                0x00000400                _Min_Stack_Size = 0x400

.isr_vector     0x08000000      0x10c
                0x08000000                . = ALIGN (0x4)
 *(.isr_vector)
 .isr_vector    0x08000000      0x10c CMakeFiles/ADIS16467_Try1.elf.dir/Core/Startup/startup_stm32f103c8tx.s.obj
                0x08000000                g_pfnVectors
                0x0800010c                . = ALIGN (0x4)

.text           0x0800010c      0xea4
                0x0800010c                . = ALIGN (0x4)
 *(.text)
 .text          0x0800010c       0x40 d:/stm32environment/arm/bin/../lib/gcc/arm-none-eabi/10.3.1/thumb/v7-m/nofp/crtbegin.o
 *(.text*)
 .text.MX_GPIO_Init
                0x0800014c       0x68 CMakeFiles/ADIS16467_Try1.elf.dir/Core/Src/gpio.c.obj
                0x0800014c                MX_GPIO_Init
 .text.Error_Handler
                0x080001b4        0x4 CMakeFiles/ADIS16467_Try1.elf.dir/Core/Src/main.c.obj
                0x080001b4                Error_Handler
 .text.SystemClock_Config
                0x080001b8       0x5e CMakeFiles/ADIS16467_Try1.elf.dir/Core/Src/main.c.obj
                0x080001b8                SystemClock_Config
 .text.main     0x08000216       0x14 CMakeFiles/ADIS16467_Try1.elf.dir/Core/Src/main.c.obj
                0x08000216                main
 *fill*         0x0800022a        0x2 
 .text.MX_SPI1_Init
                0x0800022c       0x4c CMakeFiles/ADIS16467_Try1.elf.dir/Core/Src/spi.c.obj
                0x0800022c                MX_SPI1_Init
 .text.HAL_SPI_MspInit
                0x08000278       0x74 CMakeFiles/ADIS16467_Try1.elf.dir/Core/Src/spi.c.obj
                0x08000278                HAL_SPI_MspInit
 .text.HAL_MspInit
                0x080002ec       0x44 CMakeFiles/ADIS16467_Try1.elf.dir/Core/Src/stm32f1xx_hal_msp.c.obj
                0x080002ec                HAL_MspInit
 .text.NMI_Handler
                0x08000330        0x2 CMakeFiles/ADIS16467_Try1.elf.dir/Core/Src/stm32f1xx_it.c.obj
                0x08000330                NMI_Handler
 .text.HardFault_Handler
                0x08000332        0x2 CMakeFiles/ADIS16467_Try1.elf.dir/Core/Src/stm32f1xx_it.c.obj
                0x08000332                HardFault_Handler
 .text.MemManage_Handler
                0x08000334        0x2 CMakeFiles/ADIS16467_Try1.elf.dir/Core/Src/stm32f1xx_it.c.obj
                0x08000334                MemManage_Handler
 .text.BusFault_Handler
                0x08000336        0x2 CMakeFiles/ADIS16467_Try1.elf.dir/Core/Src/stm32f1xx_it.c.obj
                0x08000336                BusFault_Handler
 .text.UsageFault_Handler
                0x08000338        0x2 CMakeFiles/ADIS16467_Try1.elf.dir/Core/Src/stm32f1xx_it.c.obj
                0x08000338                UsageFault_Handler
 .text.SVC_Handler
                0x0800033a        0x2 CMakeFiles/ADIS16467_Try1.elf.dir/Core/Src/stm32f1xx_it.c.obj
                0x0800033a                SVC_Handler
 .text.DebugMon_Handler
                0x0800033c        0x2 CMakeFiles/ADIS16467_Try1.elf.dir/Core/Src/stm32f1xx_it.c.obj
                0x0800033c                DebugMon_Handler
 .text.PendSV_Handler
                0x0800033e        0x2 CMakeFiles/ADIS16467_Try1.elf.dir/Core/Src/stm32f1xx_it.c.obj
                0x0800033e                PendSV_Handler
 .text.SysTick_Handler
                0x08000340        0x8 CMakeFiles/ADIS16467_Try1.elf.dir/Core/Src/stm32f1xx_it.c.obj
                0x08000340                SysTick_Handler
 .text.SystemInit
                0x08000348        0x2 CMakeFiles/ADIS16467_Try1.elf.dir/Core/Src/system_stm32f1xx.c.obj
                0x08000348                SystemInit
 *fill*         0x0800034a        0x2 
 .text.Reset_Handler
                0x0800034c       0x48 CMakeFiles/ADIS16467_Try1.elf.dir/Core/Startup/startup_stm32f103c8tx.s.obj
                0x0800034c                Reset_Handler
 .text.Default_Handler
                0x08000394        0x2 CMakeFiles/ADIS16467_Try1.elf.dir/Core/Startup/startup_stm32f103c8tx.s.obj
                0x08000394                RTC_Alarm_IRQHandler
                0x08000394                EXTI2_IRQHandler
                0x08000394                TIM1_CC_IRQHandler
                0x08000394                PVD_IRQHandler
                0x08000394                EXTI3_IRQHandler
                0x08000394                EXTI0_IRQHandler
                0x08000394                I2C2_EV_IRQHandler
                0x08000394                ADC1_2_IRQHandler
                0x08000394                SPI1_IRQHandler
                0x08000394                TAMPER_IRQHandler
                0x08000394                DMA1_Channel4_IRQHandler
                0x08000394                USART3_IRQHandler
                0x08000394                RTC_IRQHandler
                0x08000394                DMA1_Channel7_IRQHandler
                0x08000394                CAN1_RX1_IRQHandler
                0x08000394                TIM4_IRQHandler
                0x08000394                I2C1_EV_IRQHandler
                0x08000394                DMA1_Channel6_IRQHandler
                0x08000394                TIM3_IRQHandler
                0x08000394                RCC_IRQHandler
                0x08000394                TIM1_TRG_COM_IRQHandler
                0x08000394                DMA1_Channel1_IRQHandler
                0x08000394                Default_Handler
                0x08000394                EXTI15_10_IRQHandler
                0x08000394                EXTI9_5_IRQHandler
                0x08000394                SPI2_IRQHandler
                0x08000394                DMA1_Channel5_IRQHandler
                0x08000394                EXTI4_IRQHandler
                0x08000394                USB_LP_CAN1_RX0_IRQHandler
                0x08000394                USB_HP_CAN1_TX_IRQHandler
                0x08000394                DMA1_Channel3_IRQHandler
                0x08000394                TIM1_UP_IRQHandler
                0x08000394                WWDG_IRQHandler
                0x08000394                TIM2_IRQHandler
                0x08000394                TIM1_BRK_IRQHandler
                0x08000394                EXTI1_IRQHandler
                0x08000394                USART2_IRQHandler
                0x08000394                I2C2_ER_IRQHandler
                0x08000394                DMA1_Channel2_IRQHandler
                0x08000394                CAN1_SCE_IRQHandler
                0x08000394                FLASH_IRQHandler
                0x08000394                USART1_IRQHandler
                0x08000394                I2C1_ER_IRQHandler
                0x08000394                USBWakeUp_IRQHandler
 *fill*         0x08000396        0x2 
 .text.HAL_InitTick
                0x08000398       0x4c CMakeFiles/ADIS16467_Try1.elf.dir/Drivers/STM32F1xx_HAL_Driver/Src/stm32f1xx_hal.c.obj
                0x08000398                HAL_InitTick
 .text.HAL_Init
                0x080003e4       0x24 CMakeFiles/ADIS16467_Try1.elf.dir/Drivers/STM32F1xx_HAL_Driver/Src/stm32f1xx_hal.c.obj
                0x080003e4                HAL_Init
 .text.HAL_IncTick
                0x08000408       0x18 CMakeFiles/ADIS16467_Try1.elf.dir/Drivers/STM32F1xx_HAL_Driver/Src/stm32f1xx_hal.c.obj
                0x08000408                HAL_IncTick
 .text.HAL_GetTick
                0x08000420        0xc CMakeFiles/ADIS16467_Try1.elf.dir/Drivers/STM32F1xx_HAL_Driver/Src/stm32f1xx_hal.c.obj
                0x08000420                HAL_GetTick
 .text.HAL_NVIC_SetPriorityGrouping
                0x0800042c       0x24 CMakeFiles/ADIS16467_Try1.elf.dir/Drivers/STM32F1xx_HAL_Driver/Src/stm32f1xx_hal_cortex.c.obj
                0x0800042c                HAL_NVIC_SetPriorityGrouping
 .text.HAL_NVIC_SetPriority
                0x08000450       0x70 CMakeFiles/ADIS16467_Try1.elf.dir/Drivers/STM32F1xx_HAL_Driver/Src/stm32f1xx_hal_cortex.c.obj
                0x08000450                HAL_NVIC_SetPriority
 .text.HAL_SYSTICK_Config
                0x080004c0       0x28 CMakeFiles/ADIS16467_Try1.elf.dir/Drivers/STM32F1xx_HAL_Driver/Src/stm32f1xx_hal_cortex.c.obj
                0x080004c0                HAL_SYSTICK_Config
 .text.HAL_GPIO_Init
                0x080004e8      0x224 CMakeFiles/ADIS16467_Try1.elf.dir/Drivers/STM32F1xx_HAL_Driver/Src/stm32f1xx_hal_gpio.c.obj
                0x080004e8                HAL_GPIO_Init
 .text.HAL_GPIO_WritePin
                0x0800070c        0xc CMakeFiles/ADIS16467_Try1.elf.dir/Drivers/STM32F1xx_HAL_Driver/Src/stm32f1xx_hal_gpio.c.obj
                0x0800070c                HAL_GPIO_WritePin
 .text.RCC_Delay
                0x08000718       0x2c CMakeFiles/ADIS16467_Try1.elf.dir/Drivers/STM32F1xx_HAL_Driver/Src/stm32f1xx_hal_rcc.c.obj
 .text.HAL_RCC_OscConfig
                0x08000744      0x410 CMakeFiles/ADIS16467_Try1.elf.dir/Drivers/STM32F1xx_HAL_Driver/Src/stm32f1xx_hal_rcc.c.obj
                0x08000744                HAL_RCC_OscConfig
 .text.HAL_RCC_GetSysClockFreq
                0x08000b54       0x54 CMakeFiles/ADIS16467_Try1.elf.dir/Drivers/STM32F1xx_HAL_Driver/Src/stm32f1xx_hal_rcc.c.obj
                0x08000b54                HAL_RCC_GetSysClockFreq
 .text.HAL_RCC_ClockConfig
                0x08000ba8      0x16c CMakeFiles/ADIS16467_Try1.elf.dir/Drivers/STM32F1xx_HAL_Driver/Src/stm32f1xx_hal_rcc.c.obj
                0x08000ba8                HAL_RCC_ClockConfig
 .text.HAL_SPI_Init
                0x08000d14       0xb6 CMakeFiles/ADIS16467_Try1.elf.dir/Drivers/STM32F1xx_HAL_Driver/Src/stm32f1xx_hal_spi.c.obj
                0x08000d14                HAL_SPI_Init
 *fill*         0x08000dca        0x2 
 .text.__libc_init_array
                0x08000dcc       0x48 d:/stm32environment/arm/bin/../lib/gcc/arm-none-eabi/10.3.1/../../../../arm-none-eabi/lib/thumb/v7-m/nofp\libg.a(lib_a-init.o)
                0x08000dcc                __libc_init_array
 .text.memset   0x08000e14       0xa4 d:/stm32environment/arm/bin/../lib/gcc/arm-none-eabi/10.3.1/../../../../arm-none-eabi/lib/thumb/v7-m/nofp\libg.a(lib_a-memset.o)
                0x08000e14                memset
 .text.startup.register_fini
                0x08000eb8       0x14 d:/stm32environment/arm/bin/../lib/gcc/arm-none-eabi/10.3.1/../../../../arm-none-eabi/lib/thumb/v7-m/nofp\libg.a(lib_a-__call_atexit.o)
 .text.atexit   0x08000ecc        0xc d:/stm32environment/arm/bin/../lib/gcc/arm-none-eabi/10.3.1/../../../../arm-none-eabi/lib/thumb/v7-m/nofp\libg.a(lib_a-atexit.o)
                0x08000ecc                atexit
 .text.__libc_fini_array
                0x08000ed8       0x2c d:/stm32environment/arm/bin/../lib/gcc/arm-none-eabi/10.3.1/../../../../arm-none-eabi/lib/thumb/v7-m/nofp\libg.a(lib_a-fini.o)
                0x08000ed8                __libc_fini_array
 .text.__retarget_lock_acquire_recursive
                0x08000f04        0x4 d:/stm32environment/arm/bin/../lib/gcc/arm-none-eabi/10.3.1/../../../../arm-none-eabi/lib/thumb/v7-m/nofp\libg.a(lib_a-lock.o)
                0x08000f04                __retarget_lock_acquire_recursive
 .text.__retarget_lock_release_recursive
                0x08000f08        0x4 d:/stm32environment/arm/bin/../lib/gcc/arm-none-eabi/10.3.1/../../../../arm-none-eabi/lib/thumb/v7-m/nofp\libg.a(lib_a-lock.o)
                0x08000f08                __retarget_lock_release_recursive
 .text.__register_exitproc
                0x08000f0c       0x8c d:/stm32environment/arm/bin/../lib/gcc/arm-none-eabi/10.3.1/../../../../arm-none-eabi/lib/thumb/v7-m/nofp\libg.a(lib_a-__atexit.o)
                0x08000f0c                __register_exitproc
 *(.glue_7)
 .glue_7        0x08000f98        0x0 linker stubs
 *(.glue_7t)
 .glue_7t       0x08000f98        0x0 linker stubs
 *(.eh_frame)
 .eh_frame      0x08000f98        0x0 d:/stm32environment/arm/bin/../lib/gcc/arm-none-eabi/10.3.1/thumb/v7-m/nofp/crtbegin.o
 *(.init)
 .init          0x08000f98        0x4 d:/stm32environment/arm/bin/../lib/gcc/arm-none-eabi/10.3.1/thumb/v7-m/nofp/crti.o
                0x08000f98                _init
 .init          0x08000f9c        0x8 d:/stm32environment/arm/bin/../lib/gcc/arm-none-eabi/10.3.1/thumb/v7-m/nofp/crtn.o
 *(.fini)
 .fini          0x08000fa4        0x4 d:/stm32environment/arm/bin/../lib/gcc/arm-none-eabi/10.3.1/thumb/v7-m/nofp/crti.o
                0x08000fa4                _fini
 .fini          0x08000fa8        0x8 d:/stm32environment/arm/bin/../lib/gcc/arm-none-eabi/10.3.1/thumb/v7-m/nofp/crtn.o
                0x08000fb0                . = ALIGN (0x4)
                0x08000fb0                _etext = .

.vfp11_veneer   0x08000fb0        0x0
 .vfp11_veneer  0x08000fb0        0x0 linker stubs

.v4_bx          0x08000fb0        0x0
 .v4_bx         0x08000fb0        0x0 linker stubs

.iplt           0x08000fb0        0x0
 .iplt          0x08000fb0        0x0 d:/stm32environment/arm/bin/../lib/gcc/arm-none-eabi/10.3.1/thumb/v7-m/nofp/crtbegin.o

.rodata         0x08000fb0       0x28
                0x08000fb0                . = ALIGN (0x4)
 *(.rodata)
 *(.rodata*)
 .rodata.AHBPrescTable
                0x08000fb0       0x10 CMakeFiles/ADIS16467_Try1.elf.dir/Core/Src/system_stm32f1xx.c.obj
                0x08000fb0                AHBPrescTable
 .rodata.aPLLMULFactorTable.1
                0x08000fc0       0x10 CMakeFiles/ADIS16467_Try1.elf.dir/Drivers/STM32F1xx_HAL_Driver/Src/stm32f1xx_hal_rcc.c.obj
 .rodata.aPredivFactorTable.0
                0x08000fd0        0x2 CMakeFiles/ADIS16467_Try1.elf.dir/Drivers/STM32F1xx_HAL_Driver/Src/stm32f1xx_hal_rcc.c.obj
 *fill*         0x08000fd2        0x2 
 .rodata._global_impure_ptr
                0x08000fd4        0x4 d:/stm32environment/arm/bin/../lib/gcc/arm-none-eabi/10.3.1/../../../../arm-none-eabi/lib/thumb/v7-m/nofp\libg.a(lib_a-impure.o)
                0x08000fd4                _global_impure_ptr
                0x08000fd8                . = ALIGN (0x4)

.rel.dyn        0x08000fd8        0x0
 .rel.iplt      0x08000fd8        0x0 d:/stm32environment/arm/bin/../lib/gcc/arm-none-eabi/10.3.1/thumb/v7-m/nofp/crtbegin.o

.ARM.extab      0x08000fd8        0x0
                0x08000fd8                . = ALIGN (0x4)
 *(.ARM.extab* .gnu.linkonce.armextab.*)
                0x08000fd8                . = ALIGN (0x4)

.ARM            0x08000fd8        0x0
                0x08000fd8                . = ALIGN (0x4)
                0x08000fd8                __exidx_start = .
 *(.ARM.exidx*)
                0x08000fd8                __exidx_end = .
                0x08000fd8                . = ALIGN (0x4)

.preinit_array  0x08000fd8        0x0
                0x08000fd8                . = ALIGN (0x4)
                0x08000fd8                PROVIDE (__preinit_array_start = .)
 *(.preinit_array*)
                0x08000fd8                PROVIDE (__preinit_array_end = .)
                0x08000fd8                . = ALIGN (0x4)

.init_array     0x08000fd8        0x8
                0x08000fd8                . = ALIGN (0x4)
                0x08000fd8                PROVIDE (__init_array_start = .)
 *(SORT_BY_NAME(.init_array.*))
 .init_array.00000
                0x08000fd8        0x4 d:/stm32environment/arm/bin/../lib/gcc/arm-none-eabi/10.3.1/../../../../arm-none-eabi/lib/thumb/v7-m/nofp\libg.a(lib_a-__call_atexit.o)
 *(.init_array*)
 .init_array    0x08000fdc        0x4 d:/stm32environment/arm/bin/../lib/gcc/arm-none-eabi/10.3.1/thumb/v7-m/nofp/crtbegin.o
                0x08000fe0                PROVIDE (__init_array_end = .)
                0x08000fe0                . = ALIGN (0x4)

.fini_array     0x08000fe0        0x4
                0x08000fe0                . = ALIGN (0x4)
                0x08000fe0                PROVIDE (__fini_array_start = .)
 *(SORT_BY_NAME(.fini_array.*))
 *(.fini_array*)
 .fini_array    0x08000fe0        0x4 d:/stm32environment/arm/bin/../lib/gcc/arm-none-eabi/10.3.1/thumb/v7-m/nofp/crtbegin.o
                0x08000fe4                PROVIDE (__fini_array_end = .)
                0x08000fe4                . = ALIGN (0x4)
                0x08000fe4                _sidata = LOADADDR (.data)

.data           0x20000000      0x43c load address 0x08000fe4
                0x20000000                . = ALIGN (0x4)
                0x20000000                _sdata = .
 *(.data)
 *(.data*)
 .data.SystemCoreClock
                0x20000000        0x4 CMakeFiles/ADIS16467_Try1.elf.dir/Core/Src/system_stm32f1xx.c.obj
                0x20000000                SystemCoreClock
 .data.uwTickFreq
                0x20000004        0x1 CMakeFiles/ADIS16467_Try1.elf.dir/Drivers/STM32F1xx_HAL_Driver/Src/stm32f1xx_hal.c.obj
                0x20000004                uwTickFreq
 *fill*         0x20000005        0x3 
 .data.uwTickPrio
                0x20000008        0x4 CMakeFiles/ADIS16467_Try1.elf.dir/Drivers/STM32F1xx_HAL_Driver/Src/stm32f1xx_hal.c.obj
                0x20000008                uwTickPrio
 *fill*         0x2000000c        0x4 
 .data.impure_data
                0x20000010      0x428 d:/stm32environment/arm/bin/../lib/gcc/arm-none-eabi/10.3.1/../../../../arm-none-eabi/lib/thumb/v7-m/nofp\libg.a(lib_a-impure.o)
 .data.__atexit_recursive_mutex
                0x20000438        0x4 d:/stm32environment/arm/bin/../lib/gcc/arm-none-eabi/10.3.1/../../../../arm-none-eabi/lib/thumb/v7-m/nofp\libg.a(lib_a-__call_atexit.o)
                0x20000438                __atexit_recursive_mutex
 *(.RamFunc)
 *(.RamFunc*)
                0x2000043c                . = ALIGN (0x4)
                0x2000043c                _edata = .

.igot.plt       0x2000043c        0x0 load address 0x08001420
 .igot.plt      0x2000043c        0x0 d:/stm32environment/arm/bin/../lib/gcc/arm-none-eabi/10.3.1/thumb/v7-m/nofp/crtbegin.o
                0x2000043c                . = ALIGN (0x4)

.bss            0x2000043c       0x7c load address 0x08001420
                0x2000043c                _sbss = .
                0x2000043c                __bss_start__ = _sbss
 *(.bss)
 .bss           0x2000043c       0x1c d:/stm32environment/arm/bin/../lib/gcc/arm-none-eabi/10.3.1/thumb/v7-m/nofp/crtbegin.o
 *(.bss*)
 .bss.hspi1     0x20000458       0x58 CMakeFiles/ADIS16467_Try1.elf.dir/Core/Src/spi.c.obj
                0x20000458                hspi1
 .bss.uwTick    0x200004b0        0x4 CMakeFiles/ADIS16467_Try1.elf.dir/Drivers/STM32F1xx_HAL_Driver/Src/stm32f1xx_hal.c.obj
                0x200004b0                uwTick
 .bss.__lock___atexit_recursive_mutex
                0x200004b4        0x1 d:/stm32environment/arm/bin/../lib/gcc/arm-none-eabi/10.3.1/../../../../arm-none-eabi/lib/thumb/v7-m/nofp\libg.a(lib_a-lock.o)
                0x200004b4                __lock___atexit_recursive_mutex
 *(COMMON)
                0x200004b8                . = ALIGN (0x4)
 *fill*         0x200004b5        0x3 
                0x200004b8                _ebss = .
                0x200004b8                __bss_end__ = _ebss

._user_heap_stack
                0x200004b8      0x600 load address 0x08001420
                0x200004b8                . = ALIGN (0x8)
                [!provide]                PROVIDE (end = .)
                0x200004b8                PROVIDE (_end = .)
                0x200006b8                . = (. + _Min_Heap_Size)
 *fill*         0x200004b8      0x200 
                0x20000ab8                . = (. + _Min_Stack_Size)
 *fill*         0x200006b8      0x400 
                0x20000ab8                . = ALIGN (0x8)

/DISCARD/
 libc.a(*)
 libm.a(*)
 libgcc.a(*)

.ARM.attributes
                0x00000000       0x29
 *(.ARM.attributes)
 .ARM.attributes
                0x00000000       0x1d d:/stm32environment/arm/bin/../lib/gcc/arm-none-eabi/10.3.1/thumb/v7-m/nofp/crti.o
 .ARM.attributes
                0x0000001d       0x2d d:/stm32environment/arm/bin/../lib/gcc/arm-none-eabi/10.3.1/thumb/v7-m/nofp/crtbegin.o
 .ARM.attributes
                0x0000004a       0x2d CMakeFiles/ADIS16467_Try1.elf.dir/Core/Src/gpio.c.obj
 .ARM.attributes
                0x00000077       0x2d CMakeFiles/ADIS16467_Try1.elf.dir/Core/Src/main.c.obj
 .ARM.attributes
                0x000000a4       0x2d CMakeFiles/ADIS16467_Try1.elf.dir/Core/Src/spi.c.obj
 .ARM.attributes
                0x000000d1       0x2d CMakeFiles/ADIS16467_Try1.elf.dir/Core/Src/stm32f1xx_hal_msp.c.obj
 .ARM.attributes
                0x000000fe       0x2d CMakeFiles/ADIS16467_Try1.elf.dir/Core/Src/stm32f1xx_it.c.obj
 .ARM.attributes
                0x0000012b       0x2d CMakeFiles/ADIS16467_Try1.elf.dir/Core/Src/system_stm32f1xx.c.obj
 .ARM.attributes
                0x00000158       0x21 CMakeFiles/ADIS16467_Try1.elf.dir/Core/Startup/startup_stm32f103c8tx.s.obj
 .ARM.attributes
                0x00000179       0x2d CMakeFiles/ADIS16467_Try1.elf.dir/Drivers/STM32F1xx_HAL_Driver/Src/stm32f1xx_hal.c.obj
 .ARM.attributes
                0x000001a6       0x2d CMakeFiles/ADIS16467_Try1.elf.dir/Drivers/STM32F1xx_HAL_Driver/Src/stm32f1xx_hal_cortex.c.obj
 .ARM.attributes
                0x000001d3       0x2d CMakeFiles/ADIS16467_Try1.elf.dir/Drivers/STM32F1xx_HAL_Driver/Src/stm32f1xx_hal_gpio.c.obj
 .ARM.attributes
                0x00000200       0x2d CMakeFiles/ADIS16467_Try1.elf.dir/Drivers/STM32F1xx_HAL_Driver/Src/stm32f1xx_hal_rcc.c.obj
 .ARM.attributes
                0x0000022d       0x2d CMakeFiles/ADIS16467_Try1.elf.dir/Drivers/STM32F1xx_HAL_Driver/Src/stm32f1xx_hal_spi.c.obj
 .ARM.attributes
                0x0000025a       0x2d d:/stm32environment/arm/bin/../lib/gcc/arm-none-eabi/10.3.1/../../../../arm-none-eabi/lib/thumb/v7-m/nofp\libg.a(lib_a-impure.o)
 .ARM.attributes
                0x00000287       0x2d d:/stm32environment/arm/bin/../lib/gcc/arm-none-eabi/10.3.1/../../../../arm-none-eabi/lib/thumb/v7-m/nofp\libg.a(lib_a-init.o)
 .ARM.attributes
                0x000002b4       0x2d d:/stm32environment/arm/bin/../lib/gcc/arm-none-eabi/10.3.1/../../../../arm-none-eabi/lib/thumb/v7-m/nofp\libg.a(lib_a-memset.o)
 .ARM.attributes
                0x000002e1       0x2d d:/stm32environment/arm/bin/../lib/gcc/arm-none-eabi/10.3.1/../../../../arm-none-eabi/lib/thumb/v7-m/nofp\libg.a(lib_a-__call_atexit.o)
 .ARM.attributes
                0x0000030e       0x2d d:/stm32environment/arm/bin/../lib/gcc/arm-none-eabi/10.3.1/../../../../arm-none-eabi/lib/thumb/v7-m/nofp\libg.a(lib_a-atexit.o)
 .ARM.attributes
                0x0000033b       0x2d d:/stm32environment/arm/bin/../lib/gcc/arm-none-eabi/10.3.1/../../../../arm-none-eabi/lib/thumb/v7-m/nofp\libg.a(lib_a-fini.o)
 .ARM.attributes
                0x00000368       0x2d d:/stm32environment/arm/bin/../lib/gcc/arm-none-eabi/10.3.1/../../../../arm-none-eabi/lib/thumb/v7-m/nofp\libg.a(lib_a-lock.o)
 .ARM.attributes
                0x00000395       0x2d d:/stm32environment/arm/bin/../lib/gcc/arm-none-eabi/10.3.1/../../../../arm-none-eabi/lib/thumb/v7-m/nofp\libg.a(lib_a-__atexit.o)
 .ARM.attributes
                0x000003c2       0x1d d:/stm32environment/arm/bin/../lib/gcc/arm-none-eabi/10.3.1/thumb/v7-m/nofp/crtn.o
OUTPUT(ADIS16467_Try1.elf elf32-littlearm)
LOAD linker stubs
LOAD d:/stm32environment/arm/bin/../lib/gcc/arm-none-eabi/10.3.1/../../../../arm-none-eabi/lib/thumb/v7-m/nofp\libc.a
LOAD d:/stm32environment/arm/bin/../lib/gcc/arm-none-eabi/10.3.1/../../../../arm-none-eabi/lib/thumb/v7-m/nofp\libm.a
LOAD d:/stm32environment/arm/bin/../lib/gcc/arm-none-eabi/10.3.1/thumb/v7-m/nofp\libgcc.a

.debug_info     0x00000000     0x567b
 .debug_info    0x00000000      0x2d6 CMakeFiles/ADIS16467_Try1.elf.dir/Core/Src/gpio.c.obj
 .debug_info    0x000002d6      0x318 CMakeFiles/ADIS16467_Try1.elf.dir/Core/Src/main.c.obj
 .debug_info    0x000005ee      0x87e CMakeFiles/ADIS16467_Try1.elf.dir/Core/Src/spi.c.obj
 .debug_info    0x00000e6c      0x211 CMakeFiles/ADIS16467_Try1.elf.dir/Core/Src/stm32f1xx_hal_msp.c.obj
 .debug_info    0x0000107d      0x130 CMakeFiles/ADIS16467_Try1.elf.dir/Core/Src/stm32f1xx_it.c.obj
 .debug_info    0x000011ad      0x248 CMakeFiles/ADIS16467_Try1.elf.dir/Core/Src/system_stm32f1xx.c.obj
 .debug_info    0x000013f5       0x22 CMakeFiles/ADIS16467_Try1.elf.dir/Core/Startup/startup_stm32f103c8tx.s.obj
 .debug_info    0x00001417      0x7a8 CMakeFiles/ADIS16467_Try1.elf.dir/Drivers/STM32F1xx_HAL_Driver/Src/stm32f1xx_hal.c.obj
 .debug_info    0x00001bbf      0xd8a CMakeFiles/ADIS16467_Try1.elf.dir/Drivers/STM32F1xx_HAL_Driver/Src/stm32f1xx_hal_cortex.c.obj
 .debug_info    0x00002949      0x66f CMakeFiles/ADIS16467_Try1.elf.dir/Drivers/STM32F1xx_HAL_Driver/Src/stm32f1xx_hal_gpio.c.obj
 .debug_info    0x00002fb8      0xa3b CMakeFiles/ADIS16467_Try1.elf.dir/Drivers/STM32F1xx_HAL_Driver/Src/stm32f1xx_hal_rcc.c.obj
 .debug_info    0x000039f3     0x1c88 CMakeFiles/ADIS16467_Try1.elf.dir/Drivers/STM32F1xx_HAL_Driver/Src/stm32f1xx_hal_spi.c.obj

.debug_abbrev   0x00000000     0x12e1
 .debug_abbrev  0x00000000      0x13c CMakeFiles/ADIS16467_Try1.elf.dir/Core/Src/gpio.c.obj
 .debug_abbrev  0x0000013c      0x162 CMakeFiles/ADIS16467_Try1.elf.dir/Core/Src/main.c.obj
 .debug_abbrev  0x0000029e      0x1c8 CMakeFiles/ADIS16467_Try1.elf.dir/Core/Src/spi.c.obj
 .debug_abbrev  0x00000466       0xe5 CMakeFiles/ADIS16467_Try1.elf.dir/Core/Src/stm32f1xx_hal_msp.c.obj
 .debug_abbrev  0x0000054b       0x7e CMakeFiles/ADIS16467_Try1.elf.dir/Core/Src/stm32f1xx_it.c.obj
 .debug_abbrev  0x000005c9      0x13e CMakeFiles/ADIS16467_Try1.elf.dir/Core/Src/system_stm32f1xx.c.obj
 .debug_abbrev  0x00000707       0x12 CMakeFiles/ADIS16467_Try1.elf.dir/Core/Startup/startup_stm32f103c8tx.s.obj
 .debug_abbrev  0x00000719      0x1f4 CMakeFiles/ADIS16467_Try1.elf.dir/Drivers/STM32F1xx_HAL_Driver/Src/stm32f1xx_hal.c.obj
 .debug_abbrev  0x0000090d      0x341 CMakeFiles/ADIS16467_Try1.elf.dir/Drivers/STM32F1xx_HAL_Driver/Src/stm32f1xx_hal_cortex.c.obj
 .debug_abbrev  0x00000c4e      0x1e6 CMakeFiles/ADIS16467_Try1.elf.dir/Drivers/STM32F1xx_HAL_Driver/Src/stm32f1xx_hal_gpio.c.obj
 .debug_abbrev  0x00000e34      0x27a CMakeFiles/ADIS16467_Try1.elf.dir/Drivers/STM32F1xx_HAL_Driver/Src/stm32f1xx_hal_rcc.c.obj
 .debug_abbrev  0x000010ae      0x233 CMakeFiles/ADIS16467_Try1.elf.dir/Drivers/STM32F1xx_HAL_Driver/Src/stm32f1xx_hal_spi.c.obj

.debug_aranges  0x00000000      0x578
 .debug_aranges
                0x00000000       0x20 CMakeFiles/ADIS16467_Try1.elf.dir/Core/Src/gpio.c.obj
 .debug_aranges
                0x00000020       0x30 CMakeFiles/ADIS16467_Try1.elf.dir/Core/Src/main.c.obj
 .debug_aranges
                0x00000050       0x30 CMakeFiles/ADIS16467_Try1.elf.dir/Core/Src/spi.c.obj
 .debug_aranges
                0x00000080       0x20 CMakeFiles/ADIS16467_Try1.elf.dir/Core/Src/stm32f1xx_hal_msp.c.obj
 .debug_aranges
                0x000000a0       0x60 CMakeFiles/ADIS16467_Try1.elf.dir/Core/Src/stm32f1xx_it.c.obj
 .debug_aranges
                0x00000100       0x28 CMakeFiles/ADIS16467_Try1.elf.dir/Core/Src/system_stm32f1xx.c.obj
 .debug_aranges
                0x00000128       0x28 CMakeFiles/ADIS16467_Try1.elf.dir/Core/Startup/startup_stm32f103c8tx.s.obj
 .debug_aranges
                0x00000150       0xe0 CMakeFiles/ADIS16467_Try1.elf.dir/Drivers/STM32F1xx_HAL_Driver/Src/stm32f1xx_hal.c.obj
 .debug_aranges
                0x00000230       0x90 CMakeFiles/ADIS16467_Try1.elf.dir/Drivers/STM32F1xx_HAL_Driver/Src/stm32f1xx_hal_cortex.c.obj
 .debug_aranges
                0x000002c0       0x58 CMakeFiles/ADIS16467_Try1.elf.dir/Drivers/STM32F1xx_HAL_Driver/Src/stm32f1xx_hal_gpio.c.obj
 .debug_aranges
                0x00000318       0x90 CMakeFiles/ADIS16467_Try1.elf.dir/Drivers/STM32F1xx_HAL_Driver/Src/stm32f1xx_hal_rcc.c.obj
 .debug_aranges
                0x000003a8      0x1d0 CMakeFiles/ADIS16467_Try1.elf.dir/Drivers/STM32F1xx_HAL_Driver/Src/stm32f1xx_hal_spi.c.obj

.debug_ranges   0x00000000      0x540
 .debug_ranges  0x00000000       0x10 CMakeFiles/ADIS16467_Try1.elf.dir/Core/Src/gpio.c.obj
 .debug_ranges  0x00000010       0x20 CMakeFiles/ADIS16467_Try1.elf.dir/Core/Src/main.c.obj
 .debug_ranges  0x00000030       0x20 CMakeFiles/ADIS16467_Try1.elf.dir/Core/Src/spi.c.obj
 .debug_ranges  0x00000050       0x10 CMakeFiles/ADIS16467_Try1.elf.dir/Core/Src/stm32f1xx_hal_msp.c.obj
 .debug_ranges  0x00000060       0x50 CMakeFiles/ADIS16467_Try1.elf.dir/Core/Src/stm32f1xx_it.c.obj
 .debug_ranges  0x000000b0       0x18 CMakeFiles/ADIS16467_Try1.elf.dir/Core/Src/system_stm32f1xx.c.obj
 .debug_ranges  0x000000c8       0x20 CMakeFiles/ADIS16467_Try1.elf.dir/Core/Startup/startup_stm32f103c8tx.s.obj
 .debug_ranges  0x000000e8       0xd0 CMakeFiles/ADIS16467_Try1.elf.dir/Drivers/STM32F1xx_HAL_Driver/Src/stm32f1xx_hal.c.obj
 .debug_ranges  0x000001b8       0xe0 CMakeFiles/ADIS16467_Try1.elf.dir/Drivers/STM32F1xx_HAL_Driver/Src/stm32f1xx_hal_cortex.c.obj
 .debug_ranges  0x00000298       0x48 CMakeFiles/ADIS16467_Try1.elf.dir/Drivers/STM32F1xx_HAL_Driver/Src/stm32f1xx_hal_gpio.c.obj
 .debug_ranges  0x000002e0       0xa0 CMakeFiles/ADIS16467_Try1.elf.dir/Drivers/STM32F1xx_HAL_Driver/Src/stm32f1xx_hal_rcc.c.obj
 .debug_ranges  0x00000380      0x1c0 CMakeFiles/ADIS16467_Try1.elf.dir/Drivers/STM32F1xx_HAL_Driver/Src/stm32f1xx_hal_spi.c.obj

.debug_line     0x00000000     0x51a5
 .debug_line    0x00000000      0x1d4 CMakeFiles/ADIS16467_Try1.elf.dir/Core/Src/gpio.c.obj
 .debug_line    0x000001d4      0x2ee CMakeFiles/ADIS16467_Try1.elf.dir/Core/Src/main.c.obj
 .debug_line    0x000004c2      0x334 CMakeFiles/ADIS16467_Try1.elf.dir/Core/Src/spi.c.obj
 .debug_line    0x000007f6      0x167 CMakeFiles/ADIS16467_Try1.elf.dir/Core/Src/stm32f1xx_hal_msp.c.obj
 .debug_line    0x0000095d      0x1b3 CMakeFiles/ADIS16467_Try1.elf.dir/Core/Src/stm32f1xx_it.c.obj
 .debug_line    0x00000b10      0x230 CMakeFiles/ADIS16467_Try1.elf.dir/Core/Src/system_stm32f1xx.c.obj
 .debug_line    0x00000d40       0xa1 CMakeFiles/ADIS16467_Try1.elf.dir/Core/Startup/startup_stm32f103c8tx.s.obj
 .debug_line    0x00000de1      0x554 CMakeFiles/ADIS16467_Try1.elf.dir/Drivers/STM32F1xx_HAL_Driver/Src/stm32f1xx_hal.c.obj
 .debug_line    0x00001335      0x641 CMakeFiles/ADIS16467_Try1.elf.dir/Drivers/STM32F1xx_HAL_Driver/Src/stm32f1xx_hal_cortex.c.obj
 .debug_line    0x00001976      0x5e9 CMakeFiles/ADIS16467_Try1.elf.dir/Drivers/STM32F1xx_HAL_Driver/Src/stm32f1xx_hal_gpio.c.obj
 .debug_line    0x00001f5f      0xc26 CMakeFiles/ADIS16467_Try1.elf.dir/Drivers/STM32F1xx_HAL_Driver/Src/stm32f1xx_hal_rcc.c.obj
 .debug_line    0x00002b85     0x2620 CMakeFiles/ADIS16467_Try1.elf.dir/Drivers/STM32F1xx_HAL_Driver/Src/stm32f1xx_hal_spi.c.obj

.debug_str      0x00000000     0x1d00
 .debug_str     0x00000000      0x261 CMakeFiles/ADIS16467_Try1.elf.dir/Core/Src/gpio.c.obj
                                0x2b1 (size before relaxing)
 .debug_str     0x00000261      0x1e5 CMakeFiles/ADIS16467_Try1.elf.dir/Core/Src/main.c.obj
                                0x391 (size before relaxing)
 .debug_str     0x00000446      0x3ea CMakeFiles/ADIS16467_Try1.elf.dir/Core/Src/spi.c.obj
                                0x6bf (size before relaxing)
 .debug_str     0x00000830       0x75 CMakeFiles/ADIS16467_Try1.elf.dir/Core/Src/stm32f1xx_hal_msp.c.obj
                                0x253 (size before relaxing)
 .debug_str     0x000008a5       0xd2 CMakeFiles/ADIS16467_Try1.elf.dir/Core/Src/stm32f1xx_it.c.obj
                                0x256 (size before relaxing)
 .debug_str     0x00000977       0x99 CMakeFiles/ADIS16467_Try1.elf.dir/Core/Src/system_stm32f1xx.c.obj
                                0x288 (size before relaxing)
 .debug_str     0x00000a10       0x51 CMakeFiles/ADIS16467_Try1.elf.dir/Core/Startup/startup_stm32f103c8tx.s.obj
                                 0x81 (size before relaxing)
 .debug_str     0x00000a61      0x609 CMakeFiles/ADIS16467_Try1.elf.dir/Drivers/STM32F1xx_HAL_Driver/Src/stm32f1xx_hal.c.obj
                                0x858 (size before relaxing)
 .debug_str     0x0000106a      0x3e0 CMakeFiles/ADIS16467_Try1.elf.dir/Drivers/STM32F1xx_HAL_Driver/Src/stm32f1xx_hal_cortex.c.obj
                                0x907 (size before relaxing)
 .debug_str     0x0000144a      0x135 CMakeFiles/ADIS16467_Try1.elf.dir/Drivers/STM32F1xx_HAL_Driver/Src/stm32f1xx_hal_gpio.c.obj
                                0x434 (size before relaxing)
 .debug_str     0x0000157f      0x20f CMakeFiles/ADIS16467_Try1.elf.dir/Drivers/STM32F1xx_HAL_Driver/Src/stm32f1xx_hal_rcc.c.obj
                                0x65f (size before relaxing)
 .debug_str     0x0000178e      0x572 CMakeFiles/ADIS16467_Try1.elf.dir/Drivers/STM32F1xx_HAL_Driver/Src/stm32f1xx_hal_spi.c.obj
                                0xb95 (size before relaxing)

.comment        0x00000000       0x49
 .comment       0x00000000       0x49 CMakeFiles/ADIS16467_Try1.elf.dir/Core/Src/gpio.c.obj
                                 0x4a (size before relaxing)
 .comment       0x00000049       0x4a CMakeFiles/ADIS16467_Try1.elf.dir/Core/Src/main.c.obj
 .comment       0x00000049       0x4a CMakeFiles/ADIS16467_Try1.elf.dir/Core/Src/spi.c.obj
 .comment       0x00000049       0x4a CMakeFiles/ADIS16467_Try1.elf.dir/Core/Src/stm32f1xx_hal_msp.c.obj
 .comment       0x00000049       0x4a CMakeFiles/ADIS16467_Try1.elf.dir/Core/Src/stm32f1xx_it.c.obj
 .comment       0x00000049       0x4a CMakeFiles/ADIS16467_Try1.elf.dir/Core/Src/system_stm32f1xx.c.obj
 .comment       0x00000049       0x4a CMakeFiles/ADIS16467_Try1.elf.dir/Drivers/STM32F1xx_HAL_Driver/Src/stm32f1xx_hal.c.obj
 .comment       0x00000049       0x4a CMakeFiles/ADIS16467_Try1.elf.dir/Drivers/STM32F1xx_HAL_Driver/Src/stm32f1xx_hal_cortex.c.obj
 .comment       0x00000049       0x4a CMakeFiles/ADIS16467_Try1.elf.dir/Drivers/STM32F1xx_HAL_Driver/Src/stm32f1xx_hal_gpio.c.obj
 .comment       0x00000049       0x4a CMakeFiles/ADIS16467_Try1.elf.dir/Drivers/STM32F1xx_HAL_Driver/Src/stm32f1xx_hal_rcc.c.obj
 .comment       0x00000049       0x4a CMakeFiles/ADIS16467_Try1.elf.dir/Drivers/STM32F1xx_HAL_Driver/Src/stm32f1xx_hal_spi.c.obj

.debug_frame    0x00000000      0xee8
 .debug_frame   0x00000000       0x30 CMakeFiles/ADIS16467_Try1.elf.dir/Core/Src/gpio.c.obj
 .debug_frame   0x00000030       0x58 CMakeFiles/ADIS16467_Try1.elf.dir/Core/Src/main.c.obj
 .debug_frame   0x00000088       0x60 CMakeFiles/ADIS16467_Try1.elf.dir/Core/Src/spi.c.obj
 .debug_frame   0x000000e8       0x28 CMakeFiles/ADIS16467_Try1.elf.dir/Core/Src/stm32f1xx_hal_msp.c.obj
 .debug_frame   0x00000110       0xa8 CMakeFiles/ADIS16467_Try1.elf.dir/Core/Src/stm32f1xx_it.c.obj
 .debug_frame   0x000001b8       0x30 CMakeFiles/ADIS16467_Try1.elf.dir/Core/Src/system_stm32f1xx.c.obj
 .debug_frame   0x000001e8      0x1cc CMakeFiles/ADIS16467_Try1.elf.dir/Drivers/STM32F1xx_HAL_Driver/Src/stm32f1xx_hal.c.obj
 .debug_frame   0x000003b4      0x118 CMakeFiles/ADIS16467_Try1.elf.dir/Drivers/STM32F1xx_HAL_Driver/Src/stm32f1xx_hal_cortex.c.obj
 .debug_frame   0x000004cc       0xe4 CMakeFiles/ADIS16467_Try1.elf.dir/Drivers/STM32F1xx_HAL_Driver/Src/stm32f1xx_hal_gpio.c.obj
 .debug_frame   0x000005b0      0x184 CMakeFiles/ADIS16467_Try1.elf.dir/Drivers/STM32F1xx_HAL_Driver/Src/stm32f1xx_hal_rcc.c.obj
 .debug_frame   0x00000734      0x5c8 CMakeFiles/ADIS16467_Try1.elf.dir/Drivers/STM32F1xx_HAL_Driver/Src/stm32f1xx_hal_spi.c.obj
 .debug_frame   0x00000cfc       0x2c d:/stm32environment/arm/bin/../lib/gcc/arm-none-eabi/10.3.1/../../../../arm-none-eabi/lib/thumb/v7-m/nofp\libg.a(lib_a-init.o)
 .debug_frame   0x00000d28       0x2c d:/stm32environment/arm/bin/../lib/gcc/arm-none-eabi/10.3.1/../../../../arm-none-eabi/lib/thumb/v7-m/nofp\libg.a(lib_a-memset.o)
 .debug_frame   0x00000d54       0x5c d:/stm32environment/arm/bin/../lib/gcc/arm-none-eabi/10.3.1/../../../../arm-none-eabi/lib/thumb/v7-m/nofp\libg.a(lib_a-__call_atexit.o)
 .debug_frame   0x00000db0       0x20 d:/stm32environment/arm/bin/../lib/gcc/arm-none-eabi/10.3.1/../../../../arm-none-eabi/lib/thumb/v7-m/nofp\libg.a(lib_a-atexit.o)
 .debug_frame   0x00000dd0       0x34 d:/stm32environment/arm/bin/../lib/gcc/arm-none-eabi/10.3.1/../../../../arm-none-eabi/lib/thumb/v7-m/nofp\libg.a(lib_a-fini.o)
 .debug_frame   0x00000e04       0xb0 d:/stm32environment/arm/bin/../lib/gcc/arm-none-eabi/10.3.1/../../../../arm-none-eabi/lib/thumb/v7-m/nofp\libg.a(lib_a-lock.o)
 .debug_frame   0x00000eb4       0x34 d:/stm32environment/arm/bin/../lib/gcc/arm-none-eabi/10.3.1/../../../../arm-none-eabi/lib/thumb/v7-m/nofp\libg.a(lib_a-__atexit.o)

.debug_loc      0x00000000     0x2ff6
 .debug_loc     0x00000000       0x84 CMakeFiles/ADIS16467_Try1.elf.dir/Core/Src/spi.c.obj
 .debug_loc     0x00000084       0x15 CMakeFiles/ADIS16467_Try1.elf.dir/Core/Src/stm32f1xx_hal_msp.c.obj
 .debug_loc     0x00000099       0xff CMakeFiles/ADIS16467_Try1.elf.dir/Core/Src/system_stm32f1xx.c.obj
 .debug_loc     0x00000198      0x141 CMakeFiles/ADIS16467_Try1.elf.dir/Drivers/STM32F1xx_HAL_Driver/Src/stm32f1xx_hal.c.obj
 .debug_loc     0x000002d9      0x71f CMakeFiles/ADIS16467_Try1.elf.dir/Drivers/STM32F1xx_HAL_Driver/Src/stm32f1xx_hal_cortex.c.obj
 .debug_loc     0x000009f8      0x47d CMakeFiles/ADIS16467_Try1.elf.dir/Drivers/STM32F1xx_HAL_Driver/Src/stm32f1xx_hal_gpio.c.obj
 .debug_loc     0x00000e75      0x618 CMakeFiles/ADIS16467_Try1.elf.dir/Drivers/STM32F1xx_HAL_Driver/Src/stm32f1xx_hal_rcc.c.obj
 .debug_loc     0x0000148d     0x1b69 CMakeFiles/ADIS16467_Try1.elf.dir/Drivers/STM32F1xx_HAL_Driver/Src/stm32f1xx_hal_spi.c.obj
